
Running 6 tests using 2 workers

(node:35444) Warning: The 'NO_COLOR' env is ignored due to the 'FORCE_COLOR' env being set.
(Use `node --trace-warnings ...` to show where the warning was created)
(node:34052) Warning: The 'NO_COLOR' env is ignored due to the 'FORCE_COLOR' env being set.
(Use `node --trace-warnings ...` to show where the warning was created)
  ok 2 [desktop] › tests\e2e\a11y.spec.ts:22:7 › /demo has no serious or critical accessibility violations (1.4s)
  ok 1 [desktop] › tests\e2e\a11y.spec.ts:22:7 › /demo has no serious or critical accessibility violations (1.5s)
(node:33048) Warning: The 'NO_COLOR' env is ignored due to the 'FORCE_COLOR' env being set.
(Use `node --trace-warnings ...` to show where the warning was created)
(node:57468) Warning: The 'NO_COLOR' env is ignored due to the 'FORCE_COLOR' env being set.
(Use `node --trace-warnings ...` to show where the warning was created)
  ok 3 [desktop] › tests\e2e\a11y.spec.ts:22:7 › /demo has no serious or critical accessibility violations (1.5s)
  ok 4 [mobile] › tests\e2e\a11y.spec.ts:22:7 › /demo has no serious or critical accessibility violations (1.8s)
(node:40752) Warning: The 'NO_COLOR' env is ignored due to the 'FORCE_COLOR' env being set.
(Use `node --trace-warnings ...` to show where the warning was created)
(node:4760) Warning: The 'NO_COLOR' env is ignored due to the 'FORCE_COLOR' env being set.
(Use `node --trace-warnings ...` to show where the warning was created)
  ok 5 [mobile] › tests\e2e\a11y.spec.ts:22:7 › /demo has no serious or critical accessibility violations (1.9s)
  ok 6 [mobile] › tests\e2e\a11y.spec.ts:22:7 › /demo has no serious or critical accessibility violations (1.8s)

  6 passed (6.6s)
